[max-themes.net/demos/sweetpick/index.html]
[backblue.gif]
[fade.gif]
[index.html]
[max-themes.net/demos/sweetpick/css/bootstrap.css]
[max-themes.net/demos/sweetpick/css/fullwidth.css]
[max-themes.net/demos/sweetpick/css/settings.css]
[max-themes.net/demos/sweetpick/css/font-awesome.css]
[max-themes.net/demos/sweetpick/css/jquery.bxslider.css]
[max-themes.net/demos/sweetpick/css/style.css]
[max-themes.net/demos/sweetpick/css/responsive.css]
[max-themes.net/demos/sweetpick/images/favicon.png]
[max-themes.net/demos/sweetpick/css/colors/yellow-black.css]
[max-themes.net/demos/sweetpick/css/colors/violet-black.css]
[max-themes.net/demos/sweetpick/css/colors/orange-black.css]
[max-themes.net/demos/sweetpick/css/colors/blue-black.css]
[max-themes.net/demos/sweetpick/css/colors/red-black.css]
[max-themes.net/demos/sweetpick/css/colors/green-black.css]
[max-themes.net/demos/sweetpick/css/colors/pink-black.css]
[max-themes.net/demos/sweetpick/css/colors/pale-green-black.css]
[max-themes.net/demos/sweetpick/images/cart-white.png]
[max-themes.net/demos/sweetpick/images/delete.png]
[max-themes.net/demos/sweetpick/images/logo.png]
[max-themes.net/demos/sweetpick/images/cart.png]
[max-themes.net/demos/sweetpick/images/hover1.png]
[max-themes.net/demos/sweetpick/images/hover2.png]
[max-themes.net/demos/sweetpick/home-boxed.html]
[max-themes.net/demos/sweetpick/home-transparent.html]
[max-themes.net/demos/sweetpick/home-leftmenu.html]
[max-themes.net/demos/sweetpick/home-bannerboxed.html]
[max-themes.net/demos/sweetpick/home-banner.html]
[max-themes.net/demos/sweetpick/shop-single.html]
[max-themes.net/demos/sweetpick/shop-list.html]
[max-themes.net/demos/sweetpick/shop-grid.html]
[max-themes.net/demos/sweetpick/cart.html]
[max-themes.net/demos/sweetpick/checkout.html]
[max-themes.net/demos/sweetpick/about.html]
[max-themes.net/demos/sweetpick/shortcodes.html]
[max-themes.net/demos/sweetpick/typography.html]
[max-themes.net/demos/sweetpick/404.html]
[max-themes.net/demos/sweetpick/blog.html]
[max-themes.net/demos/sweetpick/blog-single.html]
[max-themes.net/demos/sweetpick/contact.html]
[max-themes.net/demos/sweetpick/upload/revolution/slider1.jpg]
[max-themes.net/demos/sweetpick/upload/revolution/s-border.png]
[max-themes.net/demos/sweetpick/upload/revolution/slider2.jpg]
[max-themes.net/demos/sweetpick/upload/revolution/slider3.jpg]
[max-themes.net/demos/sweetpick/upload/revolution/s-border2.png]
[max-themes.net/demos/sweetpick/upload/collection1.jpg]
[max-themes.net/demos/sweetpick/upload/collection2.jpg]
[max-themes.net/demos/sweetpick/upload/collection3.jpg]
[max-themes.net/demos/sweetpick/upload/arrival1.jpg]
[max-themes.net/demos/sweetpick/upload/new.png]
[max-themes.net/demos/sweetpick/upload/stars.png]
[max-themes.net/demos/sweetpick/upload/arrival2.jpg]
[max-themes.net/demos/sweetpick/upload/sale.png]
[max-themes.net/demos/sweetpick/upload/arrival3.jpg]
[max-themes.net/demos/sweetpick/upload/arrival4.jpg]
[max-themes.net/demos/sweetpick/upload/out.png]
[max-themes.net/demos/sweetpick/upload/arrival5.jpg]
[max-themes.net/demos/sweetpick/upload/arrival6.jpg]
[max-themes.net/demos/sweetpick/upload/arrival7.jpg]
[max-themes.net/demos/sweetpick/upload/arrival8.jpg]
[max-themes.net/demos/sweetpick/upload/blog/blog1.jpg]
[max-themes.net/demos/sweetpick/upload/blog/blog2.jpg]
[max-themes.net/demos/sweetpick/upload/blog/blog3.jpg]
[max-themes.net/demos/sweetpick/upload/partners1.png]
[max-themes.net/demos/sweetpick/upload/partners2.png]
[max-themes.net/demos/sweetpick/upload/partners3.png]
[max-themes.net/demos/sweetpick/upload/partners4.png]
[max-themes.net/demos/sweetpick/upload/partners5.png]
[max-themes.net/demos/sweetpick/upload/partners6.png]
[max-themes.net/demos/sweetpick/upload/payments.png]
[max-themes.net/demos/sweetpick/css/colors/yellow-black]
[max-themes.net/demos/sweetpick/css/colors/green-black]
[max-themes.net/demos/sweetpick/css/colors/red-black]
[max-themes.net/demos/sweetpick/css/colors/blue-black]
[max-themes.net/demos/sweetpick/css/colors/violet-black]
[max-themes.net/demos/sweetpick/css/colors/orange-black]
[max-themes.net/demos/sweetpick/css/colors/pink-black]
[max-themes.net/demos/sweetpick/css/colors/pale-green-black]
[max-themes.net/demos/sweetpick/js/jquery.min.js]
[max-themes.net/demos/sweetpick/js/jquery.superfish.js]
[max-themes.net/demos/sweetpick/js/jquery.bxslider.js]
[max-themes.net/demos/sweetpick/js/bootstrap.js]
[max-themes.net/demos/sweetpick/js/jquery.nicescroll.min.js]
[max-themes.net/demos/sweetpick/js/jquery.isotope.min.js]
[max-themes.net/demos/sweetpick/js/jquery.imagesloaded.min.js]
[max-themes.net/demos/sweetpick/js/jquery.themepunch.revolution.min.js]
[max-themes.net/demos/sweetpick/js/script.js]
[max-themes.net/demos/sweetpick/js/styleswitch.js]
[max-themes.net/demos/sweetpick/index.html]
[fonts.googleapis.com/css8e21.css]
[fonts.googleapis.com/css1aac.css]
[fonts.googleapis.com/css0513.css]
[fonts.googleapis.com/css32b5.css]
[fonts.googleapis.com/cssa9a5.css]
[max-themes.net/demos/sweetpick/fonts/glyphicons-halflings-regular.html]
[max-themes.net/demos/sweetpick/fonts/glyphicons-halflings-regulard41dd41d.html]
[max-themes.net/demos/sweetpick/fonts/glyphicons-halflings-regular-2.html]
[max-themes.net/demos/sweetpick/fonts/glyphicons-halflings-regular-3.html]
[max-themes.net/demos/sweetpick/fonts/glyphicons-halflings-regular-4.html]
[max-themes.net/demos/sweetpick/css/bootstrap.css]
[max-themes.net/demos/sweetpick/css/fullwidth.css]
[max-themes.net/demos/sweetpick/images/gradient/g30.html]
[max-themes.net/demos/sweetpick/images/gradient/g40.html]
[max-themes.net/demos/sweetpick/assets/shadow2.html]
[max-themes.net/demos/sweetpick/assets/shadow3.html]
[max-themes.net/demos/sweetpick/assets/boxed_bgtile.html]
[max-themes.net/demos/sweetpick/assets/navigdots_bgtile.html]
[max-themes.net/demos/sweetpick/assets/bullets.html]
[max-themes.net/demos/sweetpick/assets/bullets2.html]
[max-themes.net/demos/sweetpick/assets/bullet_boxed.html]
[max-themes.net/demos/sweetpick/assets/navigdots.html]
[max-themes.net/demos/sweetpick/assets/large_left.html]
[max-themes.net/demos/sweetpick/assets/large_right.html]
[max-themes.net/demos/sweetpick/assets/small_left.html]
[max-themes.net/demos/sweetpick/assets/small_right.html]
[max-themes.net/demos/sweetpick/assets/arrow_left.html]
[max-themes.net/demos/sweetpick/assets/arrow_right.html]
[max-themes.net/demos/sweetpick/assets/small_left_boxed.html]
[max-themes.net/demos/sweetpick/assets/small_right_boxed.html]
[max-themes.net/demos/sweetpick/assets/arrowleft.html]
[max-themes.net/demos/sweetpick/assets/arrowright.html]
[max-themes.net/demos/sweetpick/assets/arrow_left2.html]
[max-themes.net/demos/sweetpick/assets/arrow_right2.html]
[max-themes.net/demos/sweetpick/css/settings.css]
[max-themes.net/demos/sweetpick/assets/coloredbg.html]
[max-themes.net/demos/sweetpick/fonts/fontawesome-webfont78ce.eot]
[max-themes.net/demos/sweetpick/fonts/fontawesome-webfontd41d.eot]
[max-themes.net/demos/sweetpick/fonts/fontawesome-webfont78ce.woff]
[max-themes.net/demos/sweetpick/fonts/fontawesome-webfont78ce.ttf]
[max-themes.net/demos/sweetpick/css/font-awesome.css]
[max-themes.net/demos/sweetpick/fonts/fontawesome-webfont78ce.svg]
[max-themes.net/demos/sweetpick/css/images/bx_loader.gif]
[max-themes.net/demos/sweetpick/css/images/control-left.png]
[max-themes.net/demos/sweetpick/css/images/control-right.png]
[max-themes.net/demos/sweetpick/css/images/left-hover.png]
[max-themes.net/demos/sweetpick/css/images/right-hover.png]
[max-themes.net/demos/sweetpick/css/images/controls.png]
[max-themes.net/demos/sweetpick/css/jquery.bxslider.css]
[max-themes.net/demos/sweetpick/images/preloader.gif]
[max-themes.net/demos/sweetpick/images/search.png]
[max-themes.net/demos/sweetpick/upload/boxed_blurred.jpg]
[max-themes.net/demos/sweetpick/upload/middle-bg.jpg]
[max-themes.net/demos/sweetpick/upload/test-bg.jpg]
[max-themes.net/demos/sweetpick/upload/arrow.png]
[max-themes.net/demos/sweetpick/images/backtop2.png]
[max-themes.net/demos/sweetpick/images/select.png]
[max-themes.net/demos/sweetpick/images/active-header.png]
[max-themes.net/demos/sweetpick/images/inactive-header.png]
[max-themes.net/demos/sweetpick/images/inactive-header2.png]
[max-themes.net/demos/sweetpick/images/active-header2.png]
[max-themes.net/demos/sweetpick/images/backtop.png]
[max-themes.net/demos/sweetpick/images/corner-open.png]
[max-themes.net/demos/sweetpick/images/corner.png]
[max-themes.net/demos/sweetpick/images/3.png]
[max-themes.net/demos/sweetpick/images/7.png]
[max-themes.net/demos/sweetpick/images/1.png]
[max-themes.net/demos/sweetpick/images/8.png]
[max-themes.net/demos/sweetpick/images/4.png]
[max-themes.net/demos/sweetpick/images/6.png]
[max-themes.net/demos/sweetpick/images/5.png]
[max-themes.net/demos/sweetpick/images/2.png]
[max-themes.net/demos/sweetpick/css/style.css]
[max-themes.net/demos/sweetpick/css/responsive.css]
[max-themes.net/demos/sweetpick/css/images/active-header.png]
[max-themes.net/demos/sweetpick/css/images/active-header2.png]
[max-themes.net/demos/sweetpick/css/colors/yellow-black.css]
[max-themes.net/demos/sweetpick/css/colors/violet-black.css]
[max-themes.net/demos/sweetpick/css/colors/orange-black.css]
[max-themes.net/demos/sweetpick/css/colors/blue-black.css]
[max-themes.net/demos/sweetpick/css/colors/red-black.css]
[max-themes.net/demos/sweetpick/css/colors/green-black.css]
[max-themes.net/demos/sweetpick/css/colors/pink-black.css]
[max-themes.net/demos/sweetpick/css/colors/pale-green-black.css]
[max-themes.net/demos/sweetpick/js/jquery.fancybox-1.3.4.pack.js]
[max-themes.net/demos/sweetpick/js/plugins-scroll.js]
[max-themes.net/demos/sweetpick/js/jquery.appear.js]
[max-themes.net/demos/sweetpick/js/jquery.countTo.js]
[max-themes.net/demos/sweetpick/js/jquery.parallax.js]
[max-themes.net/demos/sweetpick/home-boxed.html]
[max-themes.net/demos/sweetpick/images/logo2.png]
[max-themes.net/demos/sweetpick/upload/revolution/slider4.jpg]
[max-themes.net/demos/sweetpick/upload/arrival9.jpg]
[max-themes.net/demos/sweetpick/upload/fproditem1.jpg]
[max-themes.net/demos/sweetpick/upload/fproditem2.jpg]
[max-themes.net/demos/sweetpick/upload/fproditem3.jpg]
[max-themes.net/demos/sweetpick/upload/fproditem4.jpg]
[max-themes.net/demos/sweetpick/upload/fproditem5.jpg]
[max-themes.net/demos/sweetpick/upload/fproditem6.jpg]
[max-themes.net/demos/sweetpick/upload/fproditem7.jpg]
[max-themes.net/demos/sweetpick/upload/fproditem8.jpg]
[max-themes.net/demos/sweetpick/upload/fproditem9.jpg]
[max-themes.net/demos/sweetpick/upload/fproditem10.jpg]
[max-themes.net/demos/sweetpick/upload/fproditem11.jpg]
[max-themes.net/demos/sweetpick/upload/fproditem12.jpg]
[max-themes.net/demos/sweetpick/js/retina-1.1.0.min.js]
[max-themes.net/demos/sweetpick/js/jquery.carouFredSel.js]
[max-themes.net/demos/sweetpick/js/jquery.mousewheel.min.js]
[max-themes.net/demos/sweetpick/home-transparent.html]
[max-themes.net/demos/sweetpick/js/jquery.touchSwipe.min.js]
[max-themes.net/demos/sweetpick/upload/pic1.jpg]
[max-themes.net/demos/sweetpick/upload/pic2.jpg]
[max-themes.net/demos/sweetpick/upload/pic3.jpg]
[max-themes.net/demos/sweetpick/upload/pic4.jpg]
[max-themes.net/demos/sweetpick/upload/pic5.jpg]
[max-themes.net/demos/sweetpick/upload/pic6.jpg]
[max-themes.net/demos/sweetpick/home-leftmenu.html]
[max-themes.net/demos/sweetpick/upload/revolution/slider5.jpg]
[max-themes.net/demos/sweetpick/upload/banners1.jpg]
[max-themes.net/demos/sweetpick/upload/banners2.jpg]
[max-themes.net/demos/sweetpick/upload/banners3.jpg]
[max-themes.net/demos/sweetpick/upload/banners4.jpg]
[max-themes.net/demos/sweetpick/upload/banners5.jpg]
[max-themes.net/demos/sweetpick/upload/banners6.jpg]
[max-themes.net/demos/sweetpick/home-bannerboxed.html]
[max-themes.net/demos/sweetpick/upload/revolution/fullbaner1.jpg]
[max-themes.net/demos/sweetpick/upload/revolution/fullbaner2.jpg]
[max-themes.net/demos/sweetpick/upload/revolution/fullbaner3.jpg]
[max-themes.net/demos/sweetpick/upload/revolution/fullbaner4.jpg]
[max-themes.net/demos/sweetpick/home-banner.html]
[max-themes.net/demos/sweetpick/css/magnific-popup.css]
[max-themes.net/demos/sweetpick/images/1.jpg]
[max-themes.net/demos/sweetpick/images/1_tb.jpg]
[max-themes.net/demos/sweetpick/images/2.jpg]
[max-themes.net/demos/sweetpick/images/2_tb.jpg]
[max-themes.net/demos/sweetpick/images/3.jpg]
[max-themes.net/demos/sweetpick/images/3_tb.jpg]
[max-themes.net/demos/sweetpick/images/4.jpg]
[max-themes.net/demos/sweetpick/images/4_tb.jpg]
[max-themes.net/demos/sweetpick/images/5.jpg]
[max-themes.net/demos/sweetpick/images/5_tb.jpg]
[max-themes.net/demos/sweetpick/images/6.jpg]
[max-themes.net/demos/sweetpick/images/6_tb.jpg]
[max-themes.net/demos/sweetpick/js/jquery-ui.js]
[max-themes.net/demos/sweetpick/js/smoothproducts.min.js]
[max-themes.net/demos/sweetpick/shop-single.html]
[max-themes.net/demos/sweetpick/shop-list.html]
[max-themes.net/demos/sweetpick/shop-grid.html]
[max-themes.net/demos/sweetpick/js/jquery.magnific-popup.min.js]
[max-themes.net/demos/sweetpick/upload/check1.png]
[max-themes.net/demos/sweetpick/upload/check2.png]
[max-themes.net/demos/sweetpick/cart.html]
[max-themes.net/demos/sweetpick/upload/paypal.png]
[max-themes.net/demos/sweetpick/checkout.html]
[max-themes.net/demos/sweetpick/upload/intro.jpg]
[max-themes.net/demos/sweetpick/upload/teamabout1.jpg]
[max-themes.net/demos/sweetpick/upload/teamabout2.jpg]
[max-themes.net/demos/sweetpick/upload/teamabout3.jpg]
[max-themes.net/demos/sweetpick/about.html]
[max-themes.net/demos/sweetpick/upload/tabs1.png]
[max-themes.net/demos/sweetpick/shortcodes.html]
[max-themes.net/demos/sweetpick/typography.html]
[max-themes.net/demos/sweetpick/js/jquery.easypiechart.js]
[max-themes.net/demos/sweetpick/upload/cart.png]
[max-themes.net/demos/sweetpick/404.html]
[max-themes.net/demos/sweetpick/css/flexslider.css]
[max-themes.net/demos/sweetpick/upload/blog/blog4.jpg]
[max-themes.net/demos/sweetpick/upload/tabswidget1.jpg]
[max-themes.net/demos/sweetpick/upload/tabswidget2.jpg]
[max-themes.net/demos/sweetpick/upload/gallery1.jpg]
[max-themes.net/demos/sweetpick/upload/gallery2.jpg]
[max-themes.net/demos/sweetpick/upload/gallery3.jpg]
[max-themes.net/demos/sweetpick/upload/gallery4.jpg]
[max-themes.net/demos/sweetpick/upload/gallery5.jpg]
[max-themes.net/demos/sweetpick/blog.html]
[max-themes.net/demos/sweetpick/js/jquery.flexslider.js]
[max-themes.net/demos/sweetpick/upload/single1.jpg]
[max-themes.net/demos/sweetpick/upload/single2.jpg]
[max-themes.net/demos/sweetpick/upload/author.jpg]
[max-themes.net/demos/sweetpick/upload/relatedp1.jpg]
[max-themes.net/demos/sweetpick/upload/relatedp2.jpg]
[max-themes.net/demos/sweetpick/upload/relatedp3.jpg]
[max-themes.net/demos/sweetpick/upload/user1.jpg]
[max-themes.net/demos/sweetpick/upload/user2.jpg]
[max-themes.net/demos/sweetpick/upload/user3.jpg]
[max-themes.net/demos/sweetpick/upload/user4.jpg]
[max-themes.net/demos/sweetpick/upload/user5.jpg]
[max-themes.net/demos/sweetpick/blog-single.html]
[max-themes.net/demos/sweetpick/contact.html]
[max-themes.net/demos/sweetpick/css/colors/yellow-black.html]
[max-themes.net/demos/sweetpick/css/colors/green-black.html]
[max-themes.net/demos/sweetpick/css/colors/red-black.html]
[max-themes.net/demos/sweetpick/css/colors/blue-black.html]
[max-themes.net/demos/sweetpick/css/colors/violet-black.html]
[max-themes.net/demos/sweetpick/css/colors/orange-black.html]
[max-themes.net/demos/sweetpick/css/colors/pink-black.html]
[max-themes.net/demos/sweetpick/css/colors/pale-green-black.html]
[max-themes.net/demos/sweetpick/js/jquery.min.js]
[max-themes.net/demos/sweetpick/js/jquery.superfish.js]
[max-themes.net/demos/sweetpick/js/jquery.bxslider.js]
[max-themes.net/demos/sweetpick/js/gmap3.min.js]
[max-themes.net/demos/sweetpick/Popover requires tooltip.js]
[max-themes.net/demos/sweetpick/js/bootstrap.js]
[max-themes.net/demos/sweetpick/js/jquery.nicescroll.min.js]
[max-themes.net/demos/sweetpick/js/jquery.isotope.min.js]
[max-themes.net/demos/sweetpick/js/jquery.imagesloaded.min.js]
[max-themes.net/demos/sweetpick/js/jquery.themepunch.revolution.min.js]
[max-themes.net/demos/sweetpick/js/script.js]
[max-themes.net/demos/sweetpick/js/styleswitch.js]
[max-themes.net/demos/sweetpick/js/style_switch_custom.js]
[max-themes.net/demos/sweetpick/fonts/glyphicons-halflings-regular.html]
[max-themes.net/demos/sweetpick/fonts/glyphicons-halflings-regulard41dd41d.html]
[max-themes.net/demos/sweetpick/fonts/glyphicons-halflings-regular-2.html]
[max-themes.net/demos/sweetpick/fonts/glyphicons-halflings-regular-3.html]
[max-themes.net/demos/sweetpick/fonts/glyphicons-halflings-regular-4.html]
[max-themes.net/demos/sweetpick/images/gradient/g30.html]
[max-themes.net/demos/sweetpick/images/gradient/g40.html]
[code.jquery.com/jquery-1.9.1.js]
[max-themes.net/demos/sweetpick/assets/shadow2.html]
[max-themes.net/demos/sweetpick/assets/shadow3.html]
[max-themes.net/demos/sweetpick/assets/boxed_bgtile.html]
[max-themes.net/demos/sweetpick/assets/navigdots_bgtile.html]
[max-themes.net/demos/sweetpick/assets/bullets.html]
[max-themes.net/demos/sweetpick/assets/bullets2.html]
[max-themes.net/demos/sweetpick/assets/bullet_boxed.html]
[max-themes.net/demos/sweetpick/assets/navigdots.html]
[max-themes.net/demos/sweetpick/assets/large_left.html]
[max-themes.net/demos/sweetpick/assets/large_right.html]
[max-themes.net/demos/sweetpick/assets/small_left.html]
[max-themes.net/demos/sweetpick/assets/small_right.html]
[max-themes.net/demos/sweetpick/assets/arrow_left.html]
[max-themes.net/demos/sweetpick/assets/arrow_right.html]
[max-themes.net/demos/sweetpick/assets/small_left_boxed.html]
[max-themes.net/demos/sweetpick/assets/small_right_boxed.html]
[max-themes.net/demos/sweetpick/assets/arrowleft.html]
[max-themes.net/demos/sweetpick/assets/arrowright.html]
[max-themes.net/demos/sweetpick/assets/arrow_left2.html]
[max-themes.net/demos/sweetpick/assets/arrow_right2.html]
[max-themes.net/demos/sweetpick/assets/coloredbg.html]
[max-themes.net/demos/sweetpick/fonts/fontawesome-webfont78ce.svg]
[max-themes.net/demos/sweetpick/css/images/left-hover.html]
[max-themes.net/demos/sweetpick/css/images/right-hover.html]
[max-themes.net/demos/sweetpick/js/jquery.fancybox-1.3.4.pack.js]
[max-themes.net/demos/sweetpick/js/plugins-scroll.html]
[max-themes.net/demos/sweetpick/js/jquery.appear.js]
[max-themes.net/demos/sweetpick/js/jquery.countTo.js]
[max-themes.net/demos/sweetpick/js/jquery.parallax.html]
[max-themes.net/demos/sweetpick/js/retina-1.1.0.min.html]
[max-themes.net/demos/sweetpick/js/jquery.carouFredSel.js]
[max-themes.net/demos/sweetpick/js/jquery.mousewheel.min.js]
[max-themes.net/demos/sweetpick/js/jquery.touchSwipe.min.js]
[max-themes.net/demos/sweetpick/css/magnific-popup.css]
[max-themes.net/demos/sweetpick/js/jquery-ui.js]
[max-themes.net/demos/sweetpick/js/smoothproducts.min.js]
[max-themes.net/demos/sweetpick/js/jquery.magnific-popup.min.js]
[max-themes.net/demos/sweetpick/js/jquery.easypiechart.js]
[max-themes.net/demos/sweetpick/css/flexslider.css]
[max-themes.net/demos/sweetpick/js/jquery.flexslider.js]
[max-themes.net/demos/sweetpick/js/gmap3.min.js]
[max-themes.net/demos/sweetpick/Popover requires tooltip.html]
[suspended.hostgator.com/js/simple-expand.min.js]
[suspended.hostgator.com/images/404top.jpg]
[suspended.hostgator.com/images/404mid.gif]
[suspended.hostgator.com/images/404bottom.gif]
[suspended.hostgator.com/images/gatorbottom.png]
[suspended.hostgator.com/images/x.png]
